// Jest Snapshot v1, https://goo.gl/fbAQLP

exports[`MetricChart renders MetricChart component correctly -- no lower 1`] = `
<div>
  <div
    className="bx--row"
  >
    <div
      className="bx--col-xs-12 bx--col-md-4"
    >
      <label>
        {"option":{"title":{"left":"center","text":"Memory Used"},"series":[{"type":"gauge","data":[25],"startAngle":170,"endAngle":10,"radius":"80%","axisLine":{"lineStyle":{"color":[[0.3333333333333333,"#5aa700"],[0.4444444444444444,"#ffaa00"],[0.7407407407407407,"#ff5500"],[1,"#ff0000"]],"opacity":0.6},"width":50},"center":["50%","65%"],"splitLine":{"lineStyle":{"width":1}},"axisTick":{"show":false},"axisLabel":{"show":true,"distance":-53,"fontSize":11},"detail":{"formatter":"{value} MB"},"max":270}]}}
      </label>
    </div>
    <div
      className="bx--col-xs-12 bx--col-md-7"
    >
      <label>
        {"option":{"title":{"left":"center","text":"Memory Used","subtext":"2018-05-15 09:00:42 ~ 2018-05-15 09:53:57"},"tooltip":{"trigger":"axis"},"toolbox":{"show":true,"right":20,"feature":{"dataView":{"title":"Raw Data","readOnly":false,"lang":["Raw Data","Close","Update"]},"saveAsImage":{"title":"Save Image","type":"png","lang":["Click to Save"]}}},"grid":{"top":60,"left":40,"right":200,"bottom":60},"xAxis":[{"type":"category","boundaryGap":true,"data":["09:00:41","09:00:56","09:01:11","09:01:26","09:01:41","09:01:56","09:02:11","09:02:26","09:02:41","09:02:56","09:03:11","09:03:26","09:03:41","09:03:56","09:04:11","09:04:26","09:04:41","09:04:56","09:05:11","09:05:26","09:05:41","09:05:56","09:06:11","09:06:26","09:06:41","09:06:56","09:07:11","09:07:26","09:07:41","09:07:56","09:08:11","09:08:26","09:08:41","09:08:56","09:09:11","09:09:26","09:09:41","09:09:56","09:10:11","09:10:26","09:10:41","09:10:56","09:11:11","09:11:26","09:11:41","09:11:56","09:12:11","09:12:26","09:12:41","09:12:56","09:13:11","09:13:26","09:13:41","09:13:56","09:14:11","09:14:26","09:14:41","09:14:56","09:15:11","09:15:26","09:15:41","09:15:56","09:16:11","09:16:26","09:16:41","09:16:56","09:17:11","09:17:26","09:17:41","09:17:56","09:18:11","09:18:26","09:18:41","09:18:56","09:19:11","09:19:26","09:19:41","09:19:56","09:20:11","09:20:26","09:20:41","09:20:56","09:21:11","09:21:26","09:21:41","09:21:56","09:22:11","09:22:26","09:22:41","09:22:56","09:23:11","09:23:26","09:23:41","09:23:56","09:24:11","09:24:26","09:24:41","09:24:56","09:25:11","09:25:26","09:25:41","09:25:56","09:26:11","09:26:26","09:26:41","09:26:56","09:27:11","09:27:26","09:27:41","09:27:56","09:28:11","09:28:26","09:28:41","09:28:56","09:29:11","09:29:26","09:29:41","09:29:56","09:30:11","09:30:26","09:30:41","09:30:56","09:31:11","09:31:26","09:31:41","09:31:56","09:32:11","09:32:26","09:32:41","09:32:56","09:33:11","09:33:26","09:33:41","09:33:56","09:34:11","09:34:26","09:34:41","09:34:56","09:35:11","09:35:26","09:35:41","09:35:56","09:36:11","09:36:26","09:36:41","09:36:56","09:37:11","09:37:26","09:37:41","09:37:56","09:38:11","09:38:26","09:38:41","09:38:56","09:39:11","09:39:26","09:39:41","09:39:56","09:40:11","09:40:26","09:40:41","09:40:56","09:41:11","09:41:26","09:41:41","09:41:56","09:42:11","09:42:26","09:42:41","09:42:56","09:43:11","09:43:26","09:43:41","09:43:56","09:44:11","09:44:26","09:44:41","09:44:56","09:45:11","09:45:26","09:45:41","09:45:56","09:46:11","09:46:26","09:46:41","09:46:56","09:47:11","09:47:26","09:47:41","09:47:56","09:48:11","09:48:26","09:48:41","09:48:56","09:49:11","09:49:26","09:49:41","09:49:56","09:50:11","09:50:26","09:50:41","09:50:56","09:51:11","09:51:26","09:51:41","09:51:56","09:52:11","09:52:26","09:52:41","09:52:56","09:53:11","09:53:26","09:53:41","09:53:56"],"axisLabel":{"rotate":45}}],"yAxis":[{"type":"value","scale":true,"min":0,"splitLine":{"show":true,"lineStyle":{"opacity":0.3}},"name":"MB","max":270}],"visualMap":{"show":false,"pieces":[{"color":"#5aa700","colorAlpha":"60%","gt":0,"lte":90},{"color":"#ff0000","colorAlpha":"60%","gt":200,"lte":270},{"color":"#ff5500","colorAlpha":"60%","gt":120,"lte":200},{"color":"#ffaa00","colorAlpha":"60%","gt":90,"lte":120}]},"series":[{"name":"Memory Used","type":"bar","barGap":0,"itemStyle":{"normal":{"barBorderRadius":4}},"animationEasing":"elasticOut","data":[20,20,19,19,19,19,19,19,19,19,19,19,19,19,19,19,19,20,20,20,20,20,20,20,20,20,20,20,19,19,19,19,19,19,19,19,19,19,19,19,19,19,20,20,20,20,20,20,20,20,20,20,20,20,19,19,19,19,19,19,19,19,19,19,20,20,20,20,20,20,20,20,20,20,20,20,20,20,20,19,19,19,19,19,19,19,19,19,19,19,20,20,20,20,19,19,20,20,20,20,20,20,20,20,20,19,19,19,19,19,19,19,19,19,19,19,19,19,19,19,19,19,20,20,20,20,20,20,20,20,20,19,19,19,19,19,19,19,19,19,19,19,19,19,19,19,19,19,19,19,19,19,19,19,19,20,19,19,19,19,19,19,19,19,19,19,19,19,19,19,19,19,19,19,23,32,41,41,47,57,57,60,59,59,60,61,62,62,63,63,62,63,63,60,null,27,26,25,23,25,25,23,24,22,23,22,21,21,22,24,24,26,24,25],"areaStyle":{},"markLine":{"silent":true,"lineStyle":{"type":"dotted","width":1.5},"data":[{"yAxis":200,"lineStyle":{"color":"#ff0000"},"label":{"formatter":"+4 if Memory Used &gt;= 200"}},{"yAxis":120,"lineStyle":{"color":"#ff5500"},"label":{"formatter":"+3 if Memory Used &gt; 120"}},{"yAxis":90,"lineStyle":{"color":"#ffaa00"},"label":{"formatter":"+2 if Memory Used &gt;= 90"}}]}}]},"style":{"height":300}}
      </label>
    </div>
    <div
      className="bx--col-xs-12 bx--col-md-1"
    />
  </div>
</div>
`;

exports[`MetricChart renders MetricChart component correctly -- no upper 1`] = `
<div>
  <div
    className="bx--row"
  >
    <div
      className="bx--col-xs-12 bx--col-md-4"
    >
      <label>
        {"option":{"title":{"left":"center","text":"Memory Used"},"series":[{"type":"gauge","data":[25],"startAngle":170,"endAngle":10,"radius":"80%","axisLine":{"lineStyle":{"color":[[0.14285714285714285,"#3388ff"],[0.42857142857142855,"#33ccff"],[1,"#5aa700"]],"opacity":0.6},"width":50},"center":["50%","65%"],"splitLine":{"lineStyle":{"width":1}},"axisTick":{"show":false},"axisLabel":{"show":true,"distance":-53,"fontSize":11},"detail":{"formatter":"{value} MB"},"max":70}]}}
      </label>
    </div>
    <div
      className="bx--col-xs-12 bx--col-md-7"
    >
      <label>
        {"option":{"title":{"left":"center","text":"Memory Used","subtext":"2018-05-15 09:00:42 ~ 2018-05-15 09:53:57"},"tooltip":{"trigger":"axis"},"toolbox":{"show":true,"right":20,"feature":{"dataView":{"title":"Raw Data","readOnly":false,"lang":["Raw Data","Close","Update"]},"saveAsImage":{"title":"Save Image","type":"png","lang":["Click to Save"]}}},"grid":{"top":60,"left":40,"right":200,"bottom":60},"xAxis":[{"type":"category","boundaryGap":true,"data":["09:00:41","09:00:56","09:01:11","09:01:26","09:01:41","09:01:56","09:02:11","09:02:26","09:02:41","09:02:56","09:03:11","09:03:26","09:03:41","09:03:56","09:04:11","09:04:26","09:04:41","09:04:56","09:05:11","09:05:26","09:05:41","09:05:56","09:06:11","09:06:26","09:06:41","09:06:56","09:07:11","09:07:26","09:07:41","09:07:56","09:08:11","09:08:26","09:08:41","09:08:56","09:09:11","09:09:26","09:09:41","09:09:56","09:10:11","09:10:26","09:10:41","09:10:56","09:11:11","09:11:26","09:11:41","09:11:56","09:12:11","09:12:26","09:12:41","09:12:56","09:13:11","09:13:26","09:13:41","09:13:56","09:14:11","09:14:26","09:14:41","09:14:56","09:15:11","09:15:26","09:15:41","09:15:56","09:16:11","09:16:26","09:16:41","09:16:56","09:17:11","09:17:26","09:17:41","09:17:56","09:18:11","09:18:26","09:18:41","09:18:56","09:19:11","09:19:26","09:19:41","09:19:56","09:20:11","09:20:26","09:20:41","09:20:56","09:21:11","09:21:26","09:21:41","09:21:56","09:22:11","09:22:26","09:22:41","09:22:56","09:23:11","09:23:26","09:23:41","09:23:56","09:24:11","09:24:26","09:24:41","09:24:56","09:25:11","09:25:26","09:25:41","09:25:56","09:26:11","09:26:26","09:26:41","09:26:56","09:27:11","09:27:26","09:27:41","09:27:56","09:28:11","09:28:26","09:28:41","09:28:56","09:29:11","09:29:26","09:29:41","09:29:56","09:30:11","09:30:26","09:30:41","09:30:56","09:31:11","09:31:26","09:31:41","09:31:56","09:32:11","09:32:26","09:32:41","09:32:56","09:33:11","09:33:26","09:33:41","09:33:56","09:34:11","09:34:26","09:34:41","09:34:56","09:35:11","09:35:26","09:35:41","09:35:56","09:36:11","09:36:26","09:36:41","09:36:56","09:37:11","09:37:26","09:37:41","09:37:56","09:38:11","09:38:26","09:38:41","09:38:56","09:39:11","09:39:26","09:39:41","09:39:56","09:40:11","09:40:26","09:40:41","09:40:56","09:41:11","09:41:26","09:41:41","09:41:56","09:42:11","09:42:26","09:42:41","09:42:56","09:43:11","09:43:26","09:43:41","09:43:56","09:44:11","09:44:26","09:44:41","09:44:56","09:45:11","09:45:26","09:45:41","09:45:56","09:46:11","09:46:26","09:46:41","09:46:56","09:47:11","09:47:26","09:47:41","09:47:56","09:48:11","09:48:26","09:48:41","09:48:56","09:49:11","09:49:26","09:49:41","09:49:56","09:50:11","09:50:26","09:50:41","09:50:56","09:51:11","09:51:26","09:51:41","09:51:56","09:52:11","09:52:26","09:52:41","09:52:56","09:53:11","09:53:26","09:53:41","09:53:56"],"axisLabel":{"rotate":45}}],"yAxis":[{"type":"value","scale":true,"min":0,"splitLine":{"show":true,"lineStyle":{"opacity":0.3}},"name":"MB","max":70}],"visualMap":{"show":false,"pieces":[{"color":"#33ccff","colorAlpha":"60%","gt":10,"lte":30},{"color":"#3388ff","colorAlpha":"60%","gt":0,"lte":10},{"color":"#5aa700","colorAlpha":"60%","gt":30,"lte":70}]},"series":[{"name":"Memory Used","type":"bar","barGap":0,"itemStyle":{"normal":{"barBorderRadius":4}},"animationEasing":"elasticOut","data":[20,20,19,19,19,19,19,19,19,19,19,19,19,19,19,19,19,20,20,20,20,20,20,20,20,20,20,20,19,19,19,19,19,19,19,19,19,19,19,19,19,19,20,20,20,20,20,20,20,20,20,20,20,20,19,19,19,19,19,19,19,19,19,19,20,20,20,20,20,20,20,20,20,20,20,20,20,20,20,19,19,19,19,19,19,19,19,19,19,19,20,20,20,20,19,19,20,20,20,20,20,20,20,20,20,19,19,19,19,19,19,19,19,19,19,19,19,19,19,19,19,19,20,20,20,20,20,20,20,20,20,19,19,19,19,19,19,19,19,19,19,19,19,19,19,19,19,19,19,19,19,19,19,19,19,20,19,19,19,19,19,19,19,19,19,19,19,19,19,19,19,19,19,19,23,32,41,41,47,57,57,60,59,59,60,61,62,62,63,63,62,63,63,60,null,27,26,25,23,25,25,23,24,22,23,22,21,21,22,24,24,26,24,25],"areaStyle":{},"markLine":{"silent":true,"lineStyle":{"type":"dotted","width":1.5},"data":[{"yAxis":30,"lineStyle":{"color":"#33ccff"},"label":{"formatter":"-1 if Memory Used &lt; 30"}},{"yAxis":10,"lineStyle":{"color":"#3388ff"},"label":{"formatter":"-2 if Memory Used &lt;= 10"}}]}}]},"style":{"height":300}}
      </label>
    </div>
    <div
      className="bx--col-xs-12 bx--col-md-1"
    />
  </div>
</div>
`;

exports[`MetricChart renders MetricChart component correctly -- no upper no lower 1`] = `
<div>
  <div
    className="bx--row"
  >
    <div
      className="bx--col-xs-12 bx--col-md-4"
    >
      <label>
        {"option":{"title":{"left":"center","text":"Memory Used"},"series":[{"type":"gauge","data":[25],"startAngle":170,"endAngle":10,"radius":"80%","axisLine":{"lineStyle":{"color":[[1,"#5aa700"]],"opacity":0.6},"width":50},"center":["50%","65%"],"splitLine":{"lineStyle":{"width":1}},"axisTick":{"show":false},"axisLabel":{"show":true,"distance":-53,"fontSize":11},"detail":{"formatter":"{value} MB"},"max":70}]}}
      </label>
    </div>
    <div
      className="bx--col-xs-12 bx--col-md-7"
    >
      <label>
        {"option":{"title":{"left":"center","text":"Memory Used","subtext":"2018-05-15 09:00:42 ~ 2018-05-15 09:53:57"},"tooltip":{"trigger":"axis"},"toolbox":{"show":true,"right":20,"feature":{"dataView":{"title":"Raw Data","readOnly":false,"lang":["Raw Data","Close","Update"]},"saveAsImage":{"title":"Save Image","type":"png","lang":["Click to Save"]}}},"grid":{"top":60,"left":40,"right":200,"bottom":60},"xAxis":[{"type":"category","boundaryGap":true,"data":["09:00:41","09:00:56","09:01:11","09:01:26","09:01:41","09:01:56","09:02:11","09:02:26","09:02:41","09:02:56","09:03:11","09:03:26","09:03:41","09:03:56","09:04:11","09:04:26","09:04:41","09:04:56","09:05:11","09:05:26","09:05:41","09:05:56","09:06:11","09:06:26","09:06:41","09:06:56","09:07:11","09:07:26","09:07:41","09:07:56","09:08:11","09:08:26","09:08:41","09:08:56","09:09:11","09:09:26","09:09:41","09:09:56","09:10:11","09:10:26","09:10:41","09:10:56","09:11:11","09:11:26","09:11:41","09:11:56","09:12:11","09:12:26","09:12:41","09:12:56","09:13:11","09:13:26","09:13:41","09:13:56","09:14:11","09:14:26","09:14:41","09:14:56","09:15:11","09:15:26","09:15:41","09:15:56","09:16:11","09:16:26","09:16:41","09:16:56","09:17:11","09:17:26","09:17:41","09:17:56","09:18:11","09:18:26","09:18:41","09:18:56","09:19:11","09:19:26","09:19:41","09:19:56","09:20:11","09:20:26","09:20:41","09:20:56","09:21:11","09:21:26","09:21:41","09:21:56","09:22:11","09:22:26","09:22:41","09:22:56","09:23:11","09:23:26","09:23:41","09:23:56","09:24:11","09:24:26","09:24:41","09:24:56","09:25:11","09:25:26","09:25:41","09:25:56","09:26:11","09:26:26","09:26:41","09:26:56","09:27:11","09:27:26","09:27:41","09:27:56","09:28:11","09:28:26","09:28:41","09:28:56","09:29:11","09:29:26","09:29:41","09:29:56","09:30:11","09:30:26","09:30:41","09:30:56","09:31:11","09:31:26","09:31:41","09:31:56","09:32:11","09:32:26","09:32:41","09:32:56","09:33:11","09:33:26","09:33:41","09:33:56","09:34:11","09:34:26","09:34:41","09:34:56","09:35:11","09:35:26","09:35:41","09:35:56","09:36:11","09:36:26","09:36:41","09:36:56","09:37:11","09:37:26","09:37:41","09:37:56","09:38:11","09:38:26","09:38:41","09:38:56","09:39:11","09:39:26","09:39:41","09:39:56","09:40:11","09:40:26","09:40:41","09:40:56","09:41:11","09:41:26","09:41:41","09:41:56","09:42:11","09:42:26","09:42:41","09:42:56","09:43:11","09:43:26","09:43:41","09:43:56","09:44:11","09:44:26","09:44:41","09:44:56","09:45:11","09:45:26","09:45:41","09:45:56","09:46:11","09:46:26","09:46:41","09:46:56","09:47:11","09:47:26","09:47:41","09:47:56","09:48:11","09:48:26","09:48:41","09:48:56","09:49:11","09:49:26","09:49:41","09:49:56","09:50:11","09:50:26","09:50:41","09:50:56","09:51:11","09:51:26","09:51:41","09:51:56","09:52:11","09:52:26","09:52:41","09:52:56","09:53:11","09:53:26","09:53:41","09:53:56"],"axisLabel":{"rotate":45}}],"yAxis":[{"type":"value","scale":true,"min":0,"splitLine":{"show":true,"lineStyle":{"opacity":0.3}},"name":"MB","max":70}],"visualMap":{"show":false,"pieces":[{"color":"#5aa700","colorAlpha":"60%","gt":0,"lte":70}]},"series":[{"name":"Memory Used","type":"bar","barGap":0,"itemStyle":{"normal":{"barBorderRadius":4}},"animationEasing":"elasticOut","data":[20,20,19,19,19,19,19,19,19,19,19,19,19,19,19,19,19,20,20,20,20,20,20,20,20,20,20,20,19,19,19,19,19,19,19,19,19,19,19,19,19,19,20,20,20,20,20,20,20,20,20,20,20,20,19,19,19,19,19,19,19,19,19,19,20,20,20,20,20,20,20,20,20,20,20,20,20,20,20,19,19,19,19,19,19,19,19,19,19,19,20,20,20,20,19,19,20,20,20,20,20,20,20,20,20,19,19,19,19,19,19,19,19,19,19,19,19,19,19,19,19,19,20,20,20,20,20,20,20,20,20,19,19,19,19,19,19,19,19,19,19,19,19,19,19,19,19,19,19,19,19,19,19,19,19,20,19,19,19,19,19,19,19,19,19,19,19,19,19,19,19,19,19,19,23,32,41,41,47,57,57,60,59,59,60,61,62,62,63,63,62,63,63,60,null,27,26,25,23,25,25,23,24,22,23,22,21,21,22,24,24,26,24,25],"areaStyle":{},"markLine":{"silent":true,"lineStyle":{"type":"dotted","width":1.5},"data":[]}}]},"style":{"height":300}}
      </label>
    </div>
    <div
      className="bx--col-xs-12 bx--col-md-1"
    />
  </div>
</div>
`;

exports[`MetricChart renders MetricChart component correctly 1`] = `
<div>
  <div
    className="bx--row"
  >
    <div
      className="bx--col-xs-12 bx--col-md-4"
    >
      <label>
        {"option":{"title":{"left":"center","text":"Memory Used"},"series":[{"type":"gauge","data":[25],"startAngle":170,"endAngle":10,"radius":"80%","axisLine":{"lineStyle":{"color":[[0.041666666666666664,"#3388ff"],[0.125,"#33ccff"],[0.375,"#5aa700"],[0.5,"#ffaa00"],[0.8333333333333334,"#ff5500"],[1,"#ff0000"]],"opacity":0.6},"width":50},"center":["50%","65%"],"splitLine":{"lineStyle":{"width":1}},"axisTick":{"show":false},"axisLabel":{"show":true,"distance":-53,"fontSize":11},"detail":{"formatter":"{value} MB"},"max":240}]}}
      </label>
    </div>
    <div
      className="bx--col-xs-12 bx--col-md-7"
    >
      <label>
        {"option":{"title":{"left":"center","text":"Memory Used","subtext":"2018-05-15 09:00:42 ~ 2018-05-15 09:53:57"},"tooltip":{"trigger":"axis"},"toolbox":{"show":true,"right":20,"feature":{"dataView":{"title":"Raw Data","readOnly":false,"lang":["Raw Data","Close","Update"]},"saveAsImage":{"title":"Save Image","type":"png","lang":["Click to Save"]}}},"grid":{"top":60,"left":40,"right":200,"bottom":60},"xAxis":[{"type":"category","boundaryGap":true,"data":["09:00:41","09:00:56","09:01:11","09:01:26","09:01:41","09:01:56","09:02:11","09:02:26","09:02:41","09:02:56","09:03:11","09:03:26","09:03:41","09:03:56","09:04:11","09:04:26","09:04:41","09:04:56","09:05:11","09:05:26","09:05:41","09:05:56","09:06:11","09:06:26","09:06:41","09:06:56","09:07:11","09:07:26","09:07:41","09:07:56","09:08:11","09:08:26","09:08:41","09:08:56","09:09:11","09:09:26","09:09:41","09:09:56","09:10:11","09:10:26","09:10:41","09:10:56","09:11:11","09:11:26","09:11:41","09:11:56","09:12:11","09:12:26","09:12:41","09:12:56","09:13:11","09:13:26","09:13:41","09:13:56","09:14:11","09:14:26","09:14:41","09:14:56","09:15:11","09:15:26","09:15:41","09:15:56","09:16:11","09:16:26","09:16:41","09:16:56","09:17:11","09:17:26","09:17:41","09:17:56","09:18:11","09:18:26","09:18:41","09:18:56","09:19:11","09:19:26","09:19:41","09:19:56","09:20:11","09:20:26","09:20:41","09:20:56","09:21:11","09:21:26","09:21:41","09:21:56","09:22:11","09:22:26","09:22:41","09:22:56","09:23:11","09:23:26","09:23:41","09:23:56","09:24:11","09:24:26","09:24:41","09:24:56","09:25:11","09:25:26","09:25:41","09:25:56","09:26:11","09:26:26","09:26:41","09:26:56","09:27:11","09:27:26","09:27:41","09:27:56","09:28:11","09:28:26","09:28:41","09:28:56","09:29:11","09:29:26","09:29:41","09:29:56","09:30:11","09:30:26","09:30:41","09:30:56","09:31:11","09:31:26","09:31:41","09:31:56","09:32:11","09:32:26","09:32:41","09:32:56","09:33:11","09:33:26","09:33:41","09:33:56","09:34:11","09:34:26","09:34:41","09:34:56","09:35:11","09:35:26","09:35:41","09:35:56","09:36:11","09:36:26","09:36:41","09:36:56","09:37:11","09:37:26","09:37:41","09:37:56","09:38:11","09:38:26","09:38:41","09:38:56","09:39:11","09:39:26","09:39:41","09:39:56","09:40:11","09:40:26","09:40:41","09:40:56","09:41:11","09:41:26","09:41:41","09:41:56","09:42:11","09:42:26","09:42:41","09:42:56","09:43:11","09:43:26","09:43:41","09:43:56","09:44:11","09:44:26","09:44:41","09:44:56","09:45:11","09:45:26","09:45:41","09:45:56","09:46:11","09:46:26","09:46:41","09:46:56","09:47:11","09:47:26","09:47:41","09:47:56","09:48:11","09:48:26","09:48:41","09:48:56","09:49:11","09:49:26","09:49:41","09:49:56","09:50:11","09:50:26","09:50:41","09:50:56","09:51:11","09:51:26","09:51:41","09:51:56","09:52:11","09:52:26","09:52:41","09:52:56","09:53:11","09:53:26","09:53:41","09:53:56"],"axisLabel":{"rotate":45}}],"yAxis":[{"type":"value","scale":true,"min":0,"splitLine":{"show":true,"lineStyle":{"opacity":0.3}},"name":"MB","max":240}],"visualMap":{"show":false,"pieces":[{"color":"#33ccff","colorAlpha":"60%","gt":10,"lte":30},{"color":"#3388ff","colorAlpha":"60%","gt":0,"lte":10},{"color":"#5aa700","colorAlpha":"60%","gt":30,"lte":90},{"color":"#ff0000","colorAlpha":"60%","gt":200,"lte":240},{"color":"#ff5500","colorAlpha":"60%","gt":120,"lte":200},{"color":"#ffaa00","colorAlpha":"60%","gt":90,"lte":120}]},"series":[{"name":"Memory Used","type":"bar","barGap":0,"itemStyle":{"normal":{"barBorderRadius":4}},"animationEasing":"elasticOut","data":[20,20,19,19,19,19,19,19,19,19,19,19,19,19,19,19,19,20,20,20,20,20,20,20,20,20,20,20,19,19,19,19,19,19,19,19,19,19,19,19,19,19,20,20,20,20,20,20,20,20,20,20,20,20,19,19,19,19,19,19,19,19,19,19,20,20,20,20,20,20,20,20,20,20,20,20,20,20,20,19,19,19,19,19,19,19,19,19,19,19,20,20,20,20,19,19,20,20,20,20,20,20,20,20,20,19,19,19,19,19,19,19,19,19,19,19,19,19,19,19,19,19,20,20,20,20,20,20,20,20,20,19,19,19,19,19,19,19,19,19,19,19,19,19,19,19,19,19,19,19,19,19,19,19,19,20,19,19,19,19,19,19,19,19,19,19,19,19,19,19,19,19,19,19,23,32,41,41,47,57,57,60,59,59,60,61,62,62,63,63,62,63,63,60,null,27,26,25,23,25,25,23,24,22,23,22,21,21,22,24,24,26,24,25],"areaStyle":{},"markLine":{"silent":true,"lineStyle":{"type":"dotted","width":1.5},"data":[{"yAxis":30,"lineStyle":{"color":"#33ccff"},"label":{"formatter":"-1 if Memory Used &lt; 30"}},{"yAxis":10,"lineStyle":{"color":"#3388ff"},"label":{"formatter":"-2 if Memory Used &lt;= 10"}},{"yAxis":200,"lineStyle":{"color":"#ff0000"},"label":{"formatter":"+4 if Memory Used &gt;= 200"}},{"yAxis":120,"lineStyle":{"color":"#ff5500"},"label":{"formatter":"+3 if Memory Used &gt; 120"}},{"yAxis":90,"lineStyle":{"color":"#ffaa00"},"label":{"formatter":"+2 if Memory Used &gt;= 90"}}]}}]},"style":{"height":300}}
      </label>
    </div>
    <div
      className="bx--col-xs-12 bx--col-md-1"
    />
  </div>
</div>
`;
